// Jest Snapshot v1, https://goo.gl/fbAQLP

exports[`Logger 'eraseLastLine' method when the 'stdout' stream is interactive 1`] = `
[
  "<moveCursorUpBy1Row>
<eraseLineEnd>
",
]
`;

exports[`Logger 'eraseLastLine' method when the 'stdout' stream is not interactive 1`] = `undefined`;
